Dependencies all met for dep_context=non-requeueable deps ti=<TaskInstance: forex_data_pipeline.is_forex_rates_available manual__2026-04-16T18:11:54.959633+00:00 [queued]>
Dependencies all met for dep_context=requeueable deps ti=<TaskInstance: forex_data_pipeline.is_forex_rates_available manual__2026-04-16T18:11:54.959633+00:00 [queued]>
Starting attempt 3 of 3
Executing <Task(HttpSensor): is_forex_rates_available> on 2026-04-16 18:11:54.959633+00:00
Started process 703 to run task
Running: ['***', 'tasks', 'run', 'forex_data_pipeline', 'is_forex_rates_available', 'manual__2026-04-16T18:11:54.959633+00:00', '--job-id', '73', '--raw', '--subdir', 'DAGS_FOLDER/forex_data_pipeline.py', '--cfg-path', '/tmp/tmp0r5befw9']
Job 73: Subtask is_forex_rates_available
Running <TaskInstance: forex_data_pipeline.is_forex_rates_available manual__2026-04-16T18:11:54.959633+00:00 [running]> on host 3039f9137920
Exporting env vars: AIRFLOW_CTX_DAG_OWNER='***' AIRFLOW_CTX_DAG_ID='forex_data_pipeline' AIRFLOW_CTX_TASK_ID='is_forex_rates_available' AIRFLOW_CTX_EXECUTION_DATE='2026-04-16T18:11:54.959633+00:00' AIRFLOW_CTX_TRY_NUMBER='3' AIRFLOW_CTX_DAG_RUN_ID='manual__2026-04-16T18:11:54.959633+00:00'
Poking: latest
Using connection ID 'forex_api' for task execution.
HTTPSConnectionPool(host='webapi.prowebapi.com', port=443): Max retries exceeded with url: /latest (Caused by NewConnectionError('<urllib3.connection.HTTPSConnection object at 0x76616c0bb0a0>: Failed to establish a new connection: [Errno -2] Name or service not known')) Tenacity will retry to execute the operation
Task failed with exception
Traceback (most recent call last):
  File "/home/airflow/.local/lib/python3.8/site-packages/urllib3/connection.py", line 174, in _new_conn
    conn = connection.create_connection(
  File "/home/airflow/.local/lib/python3.8/site-packages/urllib3/util/connection.py", line 72, in create_connection
    for res in socket.getaddrinfo(host, port, family, socket.SOCK_STREAM):
  File "/usr/local/lib/python3.8/socket.py", line 918, in getaddrinfo
    for res in _socket.getaddrinfo(host, port, family, type, proto, flags):
socket.gaierror: [Errno -2] Name or service not known

During handling of the above exception, another exception occurred:

Traceback (most recent call last):
  File "/home/airflow/.local/lib/python3.8/site-packages/urllib3/connectionpool.py", line 715, in urlopen
    httplib_response = self._make_request(
  File "/home/airflow/.local/lib/python3.8/site-packages/urllib3/connectionpool.py", line 404, in _make_request
    self._validate_conn(conn)
  File "/home/airflow/.local/lib/python3.8/site-packages/urllib3/connectionpool.py", line 1058, in _validate_conn
    conn.connect()
  File "/home/airflow/.local/lib/python3.8/site-packages/urllib3/connection.py", line 363, in connect
    self.sock = conn = self._new_conn()
  File "/home/airflow/.local/lib/python3.8/site-packages/urllib3/connection.py", line 186, in _new_conn
    raise NewConnectionError(
urllib3.exceptions.NewConnectionError: <urllib3.connection.HTTPSConnection object at 0x76616c0bb0a0>: Failed to establish a new connection: [Errno -2] Name or service not known

During handling of the above exception, another exception occurred:

Traceback (most recent call last):
  File "/home/airflow/.local/lib/python3.8/site-packages/requests/adapters.py", line 486, in send
    resp = conn.urlopen(
  File "/home/airflow/.local/lib/python3.8/site-packages/urllib3/connectionpool.py", line 799, in urlopen
    retries = retries.increment(
  File "/home/airflow/.local/lib/python3.8/site-packages/urllib3/util/retry.py", line 592, in increment
    raise MaxRetryError(_pool, url, error or ResponseError(cause))
urllib3.exceptions.MaxRetryError: HTTPSConnectionPool(host='webapi.prowebapi.com', port=443): Max retries exceeded with url: /latest (Caused by NewConnectionError('<urllib3.connection.HTTPSConnection object at 0x76616c0bb0a0>: Failed to establish a new connection: [Errno -2] Name or service not known'))

During handling of the above exception, another exception occurred:

Traceback (most recent call last):
  File "/home/airflow/.local/lib/python3.8/site-packages/airflow/sensors/base.py", line 257, in execute
    raise e
  File "/home/airflow/.local/lib/python3.8/site-packages/airflow/sensors/base.py", line 239, in execute
    poke_return = self.poke(context)
  File "/home/airflow/.local/lib/python3.8/site-packages/airflow/providers/http/sensors/http.py", line 132, in poke
    response = hook.run(
  File "/home/airflow/.local/lib/python3.8/site-packages/airflow/providers/http/hooks/http.py", line 166, in run
    return self.run_and_check(session, prepped_request, extra_options)
  File "/home/airflow/.local/lib/python3.8/site-packages/airflow/providers/http/hooks/http.py", line 222, in run_and_check
    raise ex
  File "/home/airflow/.local/lib/python3.8/site-packages/airflow/providers/http/hooks/http.py", line 214, in run_and_check
    response = session.send(prepped_request, **send_kwargs)
  File "/home/airflow/.local/lib/python3.8/site-packages/requests/sessions.py", line 703, in send
    r = adapter.send(request, **kwargs)
  File "/home/airflow/.local/lib/python3.8/site-packages/requests/adapters.py", line 519, in send
    raise ConnectionError(e, request=request)
requests.exceptions.ConnectionError: HTTPSConnectionPool(host='webapi.prowebapi.com', port=443): Max retries exceeded with url: /latest (Caused by NewConnectionError('<urllib3.connection.HTTPSConnection object at 0x76616c0bb0a0>: Failed to establish a new connection: [Errno -2] Name or service not known'))
Marking task as FAILED. dag_id=forex_data_pipeline, task_id=is_forex_rates_available, execution_date=20260416T181154, start_date=20260416T182201, end_date=20260416T182201
Failed to execute job 73 for task is_forex_rates_available (HTTPSConnectionPool(host='webapi.prowebapi.com', port=443): Max retries exceeded with url: /latest (Caused by NewConnectionError('<urllib3.connection.HTTPSConnection object at 0x76616c0bb0a0>: Failed to establish a new connection: [Errno -2] Name or service not known')); 703)
Task exited with return code 1
0 downstream tasks scheduled from follow-on schedule check
