Dependencies all met for dep_context=non-requeueable deps ti=<TaskInstance: forex_data_pipeline.download_forex_rates manual__2026-04-16T17:50:00.295547+00:00 [queued]>
Dependencies all met for dep_context=requeueable deps ti=<TaskInstance: forex_data_pipeline.download_forex_rates manual__2026-04-16T17:50:00.295547+00:00 [queued]>
Starting attempt 1 of 3
Executing <Task(PythonOperator): download_forex_rates> on 2026-04-16 17:50:00.295547+00:00
Started process 503 to run task
Running: ['***', 'tasks', 'run', 'forex_data_pipeline', 'download_forex_rates', 'manual__2026-04-16T17:50:00.295547+00:00', '--job-id', '61', '--raw', '--subdir', 'DAGS_FOLDER/forex_data_pipeline.py', '--cfg-path', '/tmp/tmp6fvs46s_']
Job 61: Subtask download_forex_rates
Running <TaskInstance: forex_data_pipeline.download_forex_rates manual__2026-04-16T17:50:00.295547+00:00 [running]> on host 3039f9137920
Exporting env vars: AIRFLOW_CTX_DAG_OWNER='***' AIRFLOW_CTX_DAG_ID='forex_data_pipeline' AIRFLOW_CTX_TASK_ID='download_forex_rates' AIRFLOW_CTX_EXECUTION_DATE='2026-04-16T17:50:00.295547+00:00' AIRFLOW_CTX_TRY_NUMBER='1' AIRFLOW_CTX_DAG_RUN_ID='manual__2026-04-16T17:50:00.295547+00:00'
Task failed with exception
Traceback (most recent call last):
  File "/home/airflow/.local/lib/python3.8/site-packages/airflow/operators/python.py", line 192, in execute
    return_value = self.execute_callable()
  File "/home/airflow/.local/lib/python3.8/site-packages/airflow/operators/python.py", line 209, in execute_callable
    return self.python_callable(*self.op_args, **self.op_kwargs)
  File "/opt/airflow/dags/forex_data_pipeline.py", line 30, in download_rates
    with open(f"{base_path}/forex_rates.json", "w", encoding="utf-8") as f:
FileNotFoundError: [Errno 2] No such file or directory: '/opt/airflow/dags/files/forex_rates.json'
Marking task as UP_FOR_RETRY. dag_id=forex_data_pipeline, task_id=download_forex_rates, execution_date=20260416T175000, start_date=20260416T181109, end_date=20260416T181109
Failed to execute job 61 for task download_forex_rates ([Errno 2] No such file or directory: '/opt/airflow/dags/files/forex_rates.json'; 503)
Task exited with return code 1
0 downstream tasks scheduled from follow-on schedule check
