Dependencies all met for dep_context=non-requeueable deps ti=<TaskInstance: forex_data_pipeline.creating_forex_rates_table manual__2026-04-16T17:50:00.295547+00:00 [queued]>
Dependencies all met for dep_context=requeueable deps ti=<TaskInstance: forex_data_pipeline.creating_forex_rates_table manual__2026-04-16T17:50:00.295547+00:00 [queued]>
Starting attempt 1 of 3
Executing <Task(BashOperator): creating_forex_rates_table> on 2026-04-16 17:50:00.295547+00:00
Started process 511 to run task
Running: ['***', 'tasks', 'run', 'forex_data_pipeline', 'creating_forex_rates_table', 'manual__2026-04-16T17:50:00.295547+00:00', '--job-id', '63', '--raw', '--subdir', 'DAGS_FOLDER/forex_data_pipeline.py', '--cfg-path', '/tmp/tmpumfzjj9m']
Job 63: Subtask creating_forex_rates_table
Running <TaskInstance: forex_data_pipeline.creating_forex_rates_table manual__2026-04-16T17:50:00.295547+00:00 [running]> on host 3039f9137920
Exporting env vars: AIRFLOW_CTX_DAG_OWNER='***' AIRFLOW_CTX_DAG_ID='forex_data_pipeline' AIRFLOW_CTX_TASK_ID='creating_forex_rates_table' AIRFLOW_CTX_EXECUTION_DATE='2026-04-16T17:50:00.295547+00:00' AIRFLOW_CTX_TRY_NUMBER='1' AIRFLOW_CTX_DAG_RUN_ID='manual__2026-04-16T17:50:00.295547+00:00'
Tmp dir root location: /tmp
Running command: ['/bin/bash', '-c', '\n            hive -e "\n                CREATE EXTERNAL TABLE IF NOT EXISTS forex_rates(\n                    base STRING, last_update DATE, eur DOUBLE, usd DOUBLE,\n                    nzd DOUBLE, gbp DOUBLE, jpy DOUBLE, cad DOUBLE\n                )\n                ROW FORMAT DELIMITED FIELDS TERMINATED BY \',\' STORED AS TEXTFILE\n            "\n        ']
Output:
/bin/bash: line 2: hive: command not found
Command exited with return code 127
Task failed with exception
Traceback (most recent call last):
  File "/home/airflow/.local/lib/python3.8/site-packages/airflow/operators/bash.py", line 210, in execute
    raise AirflowException(
airflow.exceptions.AirflowException: Bash command failed. The command returned a non-zero exit code 127.
Marking task as UP_FOR_RETRY. dag_id=forex_data_pipeline, task_id=creating_forex_rates_table, execution_date=20260416T175000, start_date=20260416T181123, end_date=20260416T181123
Failed to execute job 63 for task creating_forex_rates_table (Bash command failed. The command returned a non-zero exit code 127.; 511)
Task exited with return code 1
0 downstream tasks scheduled from follow-on schedule check
